// Jest Snapshot v1, https://goo.gl/fbAQLP

exports[`Button should render Button 1`] = `
<app-button>
  <mock:shadow-root>
    <div class="btnWrapper">
      <button class="addBtn">
        Add
      </button>
    </div>
  </mock:shadow-root>
</app-button>
`;

exports[`should render Button 1`] = `
<app-button>
  <mock:shadow-root>
    <div class="btnWrapper">
      <button class="addBtn">
        Add
      </button>
    </div>
  </mock:shadow-root>
</app-button>
`;
